$ tauri "build" "--target" "x86_64-pc-windows-msvc" "--config" ".ci/tauri-test.conf.json"
        Info `tauri` dependency has workspace inheritance enabled. The features array won't be automatically rewritten. Expected features: [protocol-asset]
        Info Looking up installed tauri packages to check mismatched versions...
     Running beforeBuildCommand `pnpm run web:build`
$ tsc --noEmit && vite build
[36mvite v8.1.3 [32mbuilding client environment for production...[36m[39m
[2K
transforming...✓ 14464 modules transformed.
rendering chunks...
computing gzip size...
dist/index.html                                     2.11 kB │ gzip:   0.79 kB
dist/assets/traffic-monitor-worker-VyNxo799.js      4.13 kB
dist/assets/logo-yCaNqQic.ico                      48.58 kB
dist/assets/codicon-ngg6Pgfi.ttf                  121.97 kB
dist/assets/editor.worker-CEkbpaKL.js             279.96 kB
dist/assets/json.worker-CgvmH9Ng.js               410.08 kB
dist/assets/html.worker-DxijA4bx.js               720.44 kB
dist/assets/yaml.worker-CPKc-_Lg.js             1,024.32 kB
dist/assets/css.worker-DWXmtwSy.js              1,055.52 kB
dist/assets/Twemoji.Mozilla-Cf7TwsdM.ttf        1,454.53 kB
dist/assets/ts.worker-CQoD0sHr.js               6,895.31 kB
dist/assets/index-DrvxmRHm.css                      8.90 kB │ gzip:   1.79 kB
dist/assets/editor-F3t5VeIV.css                   146.03 kB │ gzip:  22.62 kB
dist/assets/ts.worker-DsuYBh92.js                   0.10 kB │ gzip:   0.11 kB
dist/assets/css.worker-BgJyjduB.js                  0.10 kB │ gzip:   0.11 kB
dist/assets/yaml.worker-DumPd37Y.js                 0.10 kB │ gzip:   0.11 kB
dist/assets/editor.worker-Br2HKH4d.js               0.10 kB │ gzip:   0.11 kB
dist/assets/logs-D40PEEwO.js                        0.14 kB │ gzip:   0.12 kB
dist/assets/logs-B5xNTYnp.js                        0.14 kB │ gzip:   0.13 kB
dist/assets/logs-rLXZT6VR.js                        0.15 kB │ gzip:   0.14 kB
dist/assets/logs-vRhl0NGT.js                        0.15 kB │ gzip:   0.13 kB
dist/assets/logs-DhbfR0gp.js                        0.15 kB │ gzip:   0.13 kB
dist/assets/logs-95h6LZF5.js                        0.15 kB │ gzip:   0.13 kB
dist/assets/logs-BNoApGTl.js                        0.15 kB │ gzip:   0.13 kB
dist/assets/logs-BSO2dWm2.js                        0.15 kB │ gzip:   0.14 kB
dist/assets/logs-CbcWOEhC.js                        0.15 kB │ gzip:   0.14 kB
dist/assets/logs-P7v68Xhf.js                        0.15 kB │ gzip:   0.14 kB
dist/assets/logs-BimAYkc8.js                        0.15 kB │ gzip:   0.14 kB
dist/assets/logs-D33US3y7.js                        0.15 kB │ gzip:   0.14 kB
dist/assets/logs-CzOPgyfE.js                        0.18 kB │ gzip:   0.16 kB
dist/assets/layout-C0FpUbWC.js                      0.42 kB │ gzip:   0.33 kB
dist/assets/layout-Cf1iqZRk.js                      0.42 kB │ gzip:   0.33 kB
dist/assets/layout-DKv82StV.js                      0.42 kB │ gzip:   0.26 kB
dist/assets/layout-BrD_H56X.js                      0.42 kB │ gzip:   0.25 kB
dist/assets/jsx-runtime-By8HlURe.js                 0.43 kB │ gzip:   0.30 kB
dist/assets/layout-BCqebi6d.js                      0.43 kB │ gzip:   0.26 kB
dist/assets/layout-Divoytaz.js                      0.44 kB │ gzip:   0.28 kB
dist/assets/layout-Bwv_uKQW.js                      0.45 kB │ gzip:   0.27 kB
dist/assets/layout-2psMCHUN.js                      0.45 kB │ gzip:   0.30 kB
dist/assets/layout-BeJDF6Ns.js                      0.45 kB │ gzip:   0.32 kB
dist/assets/layout-BMeU1gLd.js                      0.47 kB │ gzip:   0.32 kB
dist/assets/layout-I93XdD1d.js                      0.48 kB │ gzip:   0.32 kB
dist/assets/layout-C8XTPEH7.js                      0.49 kB │ gzip:   0.31 kB
dist/assets/connections-BQew7wyj.js                 0.52 kB │ gzip:   0.29 kB
dist/assets/connections-B1OVkGhe.js                 0.53 kB │ gzip:   0.31 kB
dist/assets/connections-DpEM9imo.js                 0.54 kB │ gzip:   0.39 kB
dist/assets/connections-sjFyVwIB.js                 0.55 kB │ gzip:   0.34 kB
dist/assets/connections-52RE_K8W.js                 0.55 kB │ gzip:   0.37 kB
dist/assets/connections-K93W6qoR.js                 0.56 kB │ gzip:   0.41 kB
dist/assets/connections-D7cP7ODk.js                 0.59 kB │ gzip:   0.33 kB
dist/assets/connections-CLUyMGV8.js                 0.60 kB │ gzip:   0.33 kB
dist/assets/connections-DpT2Voe_.js                 0.62 kB │ gzip:   0.40 kB
dist/assets/connections-CMdR53nB.js                 0.63 kB │ gzip:   0.41 kB
dist/assets/connections-feARXUcg.js                 0.65 kB │ gzip:   0.39 kB
dist/assets/javascript-DLnnIkq3.js                  0.68 kB │ gzip:   0.41 kB
dist/assets/layout-DLRgKtTW.js                      0.69 kB │ gzip:   0.39 kB
dist/assets/rolldown-runtime-QTnfLwEv.js            0.69 kB │ gzip:   0.42 kB
dist/assets/azcli-Bc_sGQ0U.js                       0.70 kB │ gzip:   0.28 kB
dist/assets/defineProperty-BbfpZ9Tg.js              0.70 kB │ gzip:   0.39 kB
dist/assets/connections-DaysS8WD.js                 0.72 kB │ gzip:   0.44 kB
dist/assets/tests-BFHK1RLp.js                       0.77 kB │ gzip:   0.44 kB
dist/assets/tests-D4lJ6hfH.js                       0.78 kB │ gzip:   0.43 kB
dist/assets/tests-CXpeJwex.js                       0.83 kB │ gzip:   0.55 kB
dist/assets/connections-2VZIolFu.js                 0.84 kB │ gzip:   0.47 kB
dist/assets/tests-BjvIjxFS.js                       0.85 kB │ gzip:   0.50 kB
dist/assets/tests-DYof0P7X.js                       0.85 kB │ gzip:   0.57 kB
dist/assets/tests-BbAOeyP6.js                       0.86 kB │ gzip:   0.49 kB
dist/assets/tests-CEQalams.js                       0.87 kB │ gzip:   0.54 kB
dist/assets/tests-XGYmYChe.js                       0.87 kB │ gzip:   0.53 kB
dist/assets/tests-BBuHz1kN.js                       0.90 kB │ gzip:   0.50 kB
dist/assets/tests-SujjcqYx.js                       0.91 kB │ gzip:   0.59 kB
dist/assets/tests-4D6TeQsL.js                       0.91 kB │ gzip:   0.50 kB
dist/assets/ini-sBoK_t0W.js                         0.96 kB │ gzip:   0.49 kB
dist/assets/tests-v_t__jdQ.js                       1.03 kB │ gzip:   0.64 kB
dist/assets/tests-DRh4CJXv.js                       1.21 kB │ gzip:   0.67 kB
dist/assets/workers-BwI0MEEY.js                     1.22 kB │ gzip:   0.57 kB
dist/assets/preload-helper-CZgWQFsJ.js              1.25 kB │ gzip:   0.70 kB
dist/assets/csp-bTuwJoIa.js                         1.27 kB │ gzip:   0.48 kB
dist/assets/pla-CopQ2nXW.js                         1.54 kB │ gzip:   0.60 kB
dist/assets/scheme-BeGwcela.js                      1.62 kB │ gzip:   0.77 kB
dist/assets/flow9-C5_-GSwl.js                       1.66 kB │ gzip:   0.80 kB
dist/assets/sb-CcwsVR0C.js                          1.68 kB │ gzip:   0.78 kB
dist/assets/bat-i0X4ZdIN.js                         1.69 kB │ gzip:   0.82 kB
dist/assets/dockerfile-DZFCIeNp.js                  1.72 kB │ gzip:   0.63 kB
dist/assets/pascaligo-D-ptJ9y-.js                   1.85 kB │ gzip:   0.86 kB
dist/assets/xml-siAO1LLS.js                         1.92 kB │ gzip:   0.73 kB
dist/assets/rules-l_oeIHI4.js                       1.94 kB │ gzip:   0.93 kB
dist/assets/cameligo-DMUM7wLl.js                    1.97 kB │ gzip:   0.91 kB
dist/assets/lua-CsQS60Ue.js                         1.98 kB │ gzip:   0.88 kB
dist/assets/objective-c-FvmIjYaQ.js                 2.10 kB │ gzip:   1.01 kB
dist/assets/graphql-fmXr3nnJ.js                     2.11 kB │ gzip:   0.99 kB
dist/assets/proxies-DPHgCj-q.js                     2.19 kB │ gzip:   1.21 kB
dist/assets/proxies-BjLn_wva.js                     2.21 kB │ gzip:   1.19 kB
dist/assets/sparql-D_Lu-MrJ.js                      2.21 kB │ gzip:   1.10 kB
dist/assets/lexon-CfSJPG6W.js                       2.28 kB │ gzip:   0.88 kB
dist/assets/rules-O3JyIpEK.js                       2.31 kB │ gzip:   0.96 kB
dist/assets/mips-CIPQ_RoX.js                        2.32 kB │ gzip:   1.02 kB
dist/assets/proxies-oQBvcwIH.js                     2.33 kB │ gzip:   1.02 kB
dist/assets/rules-tScB0M0x.js                       2.33 kB │ gzip:   1.11 kB
dist/assets/go-C-y9NEjX.js                          2.35 kB │ gzip:   1.11 kB
dist/assets/bicep-B5-_aFwp.js                       2.36 kB │ gzip:   0.91 kB
dist/assets/rules-DNjcmMcK.js                       2.37 kB │ gzip:   1.12 kB
dist/assets/rules-CMipwkSd.js                       2.39 kB │ gzip:   0.95 kB
dist/assets/proxies-BzoDgDye.js                     2.41 kB │ gzip:   1.14 kB
dist/assets/home-D6pAIuPX.js                        2.41 kB │ gzip:   1.04 kB
dist/assets/proxies-Bv3dv-lN.js                     2.43 kB │ gzip:   1.07 kB
dist/assets/proxies-DrlCgACV.js                     2.44 kB │ gzip:   1.11 kB
dist/assets/rules-DyLlTa3p.js                       2.44 kB │ gzip:   1.10 kB
dist/assets/clash-info-card-BdsGysqx.js             2.45 kB │ gzip:   0.84 kB
dist/assets/rules-DkT_Nkfr.js                       2.47 kB │ gzip:   1.00 kB
dist/assets/sophia-CRfGWb83.js                      2.48 kB │ gzip:   1.15 kB
dist/assets/proxies-RDR-62Ea.js                     2.49 kB │ gzip:   1.11 kB
dist/assets/rules-CgaOoY-A.js                       2.50 kB │ gzip:   1.05 kB
dist/assets/m3-D-oSqn_W.js                          2.52 kB │ gzip:   1.29 kB
dist/assets/proxies-5g1vQTvt.js                     2.57 kB │ gzip:   1.31 kB
dist/assets/typespec-B8J7ngcE.js                    2.62 kB │ gzip:   1.01 kB
dist/assets/pascal-DrH0SRf2.js                      2.63 kB │ gzip:   1.35 kB
dist/assets/fsharp-C8Ef5oNN.js                      2.65 kB │ gzip:   1.27 kB
dist/assets/proxies-9dP8OX-X.js                     2.66 kB │ gzip:   1.30 kB
dist/assets/rules-DmmpVI4P.js                       2.70 kB │ gzip:   1.14 kB
dist/assets/proxies-BQ2ezJdL.js                     2.71 kB │ gzip:   1.25 kB
dist/assets/qsharp-DkqhCAOL.js                      2.72 kB │ gzip:   1.37 kB
dist/assets/rules-UYJB6E1J.js                       2.74 kB │ gzip:   1.03 kB
dist/assets/shell-CC2rA5mh.js                       2.81 kB │ gzip:   1.16 kB
dist/assets/home-BcMAtsQC.js                        2.82 kB │ gzip:   1.47 kB
dist/assets/r-BwWrilGY.js                           2.83 kB │ gzip:   1.25 kB
dist/assets/home-C3xPHkPE.js                        2.86 kB │ gzip:   1.52 kB
dist/assets/proxies-C0ImkFCc.js                     2.88 kB │ gzip:   1.31 kB
dist/assets/java-BEtHBSE6.js                        2.90 kB │ gzip:   1.34 kB
dist/assets/rules-COe_TMhu.js                       2.93 kB │ gzip:   1.12 kB
dist/assets/home-Cd7Boo6c.js                        2.95 kB │ gzip:   1.30 kB
dist/assets/cssMode-oLy9hdPK.js                     2.95 kB │ gzip:   1.13 kB
dist/assets/proxies-B815yWP4.js                     2.96 kB │ gzip:   1.36 kB
dist/assets/rules-aCWLZLuY.js                       3.01 kB │ gzip:   1.15 kB
dist/assets/redis-ClamHrr6.js                       3.03 kB │ gzip:   1.41 kB
dist/assets/kotlin-BOotOW0E.js                      3.04 kB │ gzip:   1.41 kB
dist/assets/cypher-CVaqCwHa.js                      3.04 kB │ gzip:   1.40 kB
dist/assets/powershell-DmHpPYUd.js                  3.05 kB │ gzip:   1.33 kB
dist/assets/shared-CJBfq5ss.js                      3.08 kB │ gzip:   1.67 kB
dist/assets/home-DuP4Kvp3.js                        3.14 kB │ gzip:   1.45 kB
dist/assets/shared-DgxgPX0c.js                      3.22 kB │ gzip:   1.65 kB
dist/assets/shared-TUDc0j0S.js                      3.23 kB │ gzip:   1.67 kB
dist/assets/home-CTafbGuJ.js                        3.25 kB │ gzip:   1.50 kB
dist/assets/home-dzCM6lvp.js                        3.26 kB │ gzip:   1.54 kB
dist/assets/tcl-DISqw1ZD.js                         3.27 kB │ gzip:   1.32 kB
dist/assets/home-BXALi8CN.js                        3.31 kB │ gzip:   1.58 kB
dist/assets/proxies-JpoOrUsK.js                     3.34 kB │ gzip:   1.32 kB
dist/assets/liquid-DeUtBvAP.js                      3.34 kB │ gzip:   1.42 kB
dist/assets/home-SYQye9ii.js                        3.35 kB │ gzip:   1.56 kB
dist/assets/rules-DjB4MwLf.js                       3.36 kB │ gzip:   1.27 kB
dist/assets/coffee-Ba7i2nA0.js                      3.36 kB │ gzip:   1.24 kB
dist/assets/shared-BCLCu1ip.js                      3.40 kB │ gzip:   1.47 kB
dist/assets/shared-CE8KV_ah.js                      3.40 kB │ gzip:   1.37 kB
dist/assets/htmlMode-DirQvOM1.js                    3.41 kB │ gzip:   1.24 kB
dist/assets/hcl-CpzslTdj.js                         3.44 kB │ gzip:   1.45 kB
dist/assets/python-DfanCqhw.js                      3.45 kB │ gzip:   1.43 kB
dist/assets/home-6j2rDzie.js                        3.46 kB │ gzip:   1.52 kB
dist/assets/apex-BWPQTe0t.js                        3.46 kB │ gzip:   1.70 kB
dist/assets/yaml-4baUXiDj.js                        3.54 kB │ gzip:   1.29 kB
dist/assets/home-Egabn98z.js                        3.61 kB │ gzip:   1.49 kB
dist/assets/markdown-Cimd5fb3.js                    3.63 kB │ gzip:   1.34 kB
dist/assets/rust-DdL9SqIa.js                        3.66 kB │ gzip:   1.80 kB
dist/assets/profiles-CPEODcWO.js                    3.70 kB │ gzip:   1.59 kB
dist/assets/restructuredtext-BYgofb2h.js            3.74 kB │ gzip:   1.32 kB
dist/assets/less-B9JPFI3C.js                        3.74 kB │ gzip:   1.36 kB
dist/assets/profiles-o79kezck.js                    3.78 kB │ gzip:   2.01 kB
dist/assets/profiles-CvpkAXQp.js                    3.81 kB │ gzip:   2.01 kB
dist/assets/profiles-BmCpj3tn.js                    3.84 kB │ gzip:   1.73 kB
dist/assets/shared-C977fEbf.js                      3.89 kB │ gzip:   1.62 kB
dist/assets/dart-onAF5SnQ.js                        3.93 kB │ gzip:   1.60 kB
dist/assets/home-Dneq8j4L.js                        3.97 kB │ gzip:   1.71 kB
dist/assets/shared-9YjjafDG.js                      4.07 kB │ gzip:   1.55 kB
dist/assets/csharp-BKxtCVv1.js                      4.11 kB │ gzip:   1.66 kB
dist/assets/shared-C3-At702.js                      4.13 kB │ gzip:   1.75 kB
dist/assets/profiles-BmQUGyia.js                    4.19 kB │ gzip:   1.95 kB
dist/assets/shared-CKlNMxHb.js                      4.23 kB │ gzip:   1.60 kB
dist/assets/profiles-CthH_j4I.js                    4.26 kB │ gzip:   2.06 kB
dist/assets/msdax-DauUninz.js                       4.27 kB │ gzip:   1.87 kB
dist/assets/shared-BDp-m1Kw.js                      4.29 kB │ gzip:   1.87 kB
dist/assets/shared-CzpgbgWV.js                      4.30 kB │ gzip:   1.81 kB
dist/assets/mdx-CbN0GPRk.js                         4.32 kB │ gzip:   1.21 kB
dist/assets/css-DIMkf-bt.js                         4.36 kB │ gzip:   1.33 kB
dist/assets/home-C0xWnvLn.js                        4.40 kB │ gzip:   1.77 kB
dist/assets/pug-Z5eAx3Zn.js                         4.46 kB │ gzip:   1.60 kB
dist/assets/swift-Bxkupp3x.js                       4.48 kB │ gzip:   1.99 kB
dist/assets/profiles-a7Q9Hrnq.js                    4.50 kB │ gzip:   1.91 kB
dist/assets/html-34R4FS3y.js                        4.51 kB │ gzip:   1.15 kB
dist/assets/profiles-Dawfw456.js                    4.57 kB │ gzip:   1.99 kB
dist/assets/shared-BmwDMwWG.js                      4.59 kB │ gzip:   1.91 kB
dist/assets/ecl-D05T4iGw.js                         4.62 kB │ gzip:   2.19 kB
dist/assets/typescript-Cc4XD_j1.js                  4.67 kB │ gzip:   1.94 kB
dist/assets/cpp-C7h46wYY.js                         4.74 kB │ gzip:   2.02 kB
dist/assets/profiles-ScdgXlvE.js                    4.74 kB │ gzip:   2.05 kB
dist/assets/monaco.contribution-BbtWOvPz.js         4.78 kB │ gzip:   1.64 kB
dist/assets/profiles-CCmTgxrG.js                    4.85 kB │ gzip:   2.13 kB
dist/assets/profiles-Cee0xthx.js                    5.08 kB │ gzip:   2.23 kB
dist/assets/profiles-DQosiW6h.js                    5.09 kB │ gzip:   2.25 kB
dist/assets/shared-BzVhuxjE.js                      5.13 kB │ gzip:   1.91 kB
dist/assets/vb-DV3o63ZY.js                          5.30 kB │ gzip:   2.01 kB
dist/assets/twig-De2hgUGE.js                        5.78 kB │ gzip:   1.48 kB
dist/assets/system-info-card-B9OC_Fv-.js            5.98 kB │ gzip:   2.39 kB
dist/assets/profiles-Bjlyphfu.js                    6.15 kB │ gzip:   2.34 kB
dist/assets/scss-gp-XZpBa.js                        6.26 kB │ gzip:   1.70 kB
dist/assets/handlebars-B9EZp6DI.js                  6.28 kB │ gzip:   1.37 kB
dist/assets/julia-Bri6UV-V.js                       6.50 kB │ gzip:   2.64 kB
dist/assets/systemverilog-Bz4Y3fRF.js               6.85 kB │ gzip:   2.72 kB
dist/assets/st-DbInun42.js                          6.94 kB │ gzip:   2.24 kB
dist/assets/scala-DHpiXF5c.js                       7.11 kB │ gzip:   2.07 kB
dist/assets/wgsl-DpFanUEy.js                        7.18 kB │ gzip:   2.73 kB
dist/assets/perl-oz_6vUea.js                        7.35 kB │ gzip:   3.10 kB
dist/assets/postiats-43DmfD33.js                    7.36 kB │ gzip:   2.39 kB
dist/assets/react-CZI7_Jkm.js                       7.53 kB │ gzip:   2.88 kB
dist/assets/php-nr791fC2.js                         7.74 kB │ gzip:   2.03 kB
dist/assets/razor-Co4k2Vqm.js                       8.11 kB │ gzip:   2.05 kB
dist/assets/clojure-Cm7r79vr.js                     8.21 kB │ gzip:   3.49 kB
dist/assets/ruby-DezsRK8O.js                        8.21 kB │ gzip:   2.55 kB
dist/assets/sql-NEE52Syq.js                         8.84 kB │ gzip:   3.73 kB
dist/assets/protobuf-C531GsRP.js                    8.89 kB │ gzip:   2.04 kB
dist/assets/mysql-SOo6toE5.js                       9.65 kB │ gzip:   3.98 kB
dist/assets/elixir-6RTg0lbw.js                     10.11 kB │ gzip:   2.50 kB
dist/assets/redshift-DT7zqm-g.js                   10.33 kB │ gzip:   4.24 kB
dist/assets/pac.d-CBgY8G3a.js                      10.54 kB │ gzip:   2.03 kB
dist/assets/test-card-TMMjC08N.js                  11.46 kB │ gzip:   5.22 kB
dist/assets/abap-08VXUWAP.js                       11.69 kB │ gzip:   5.15 kB
dist/assets/pgsql-DTj74zXo.js                      11.91 kB │ gzip:   4.42 kB
dist/assets/jsonMode-CD8EscVG.js                   12.20 kB │ gzip:   4.46 kB
dist/assets/proxy-groups-chain-BoqPH_gP.js         13.27 kB │ gzip:   5.07 kB
dist/assets/dist-CSaP2J_J.js                       14.20 kB │ gzip:   4.84 kB
dist/assets/powerquery-D3hlyOfw.js                 15.34 kB │ gzip:   4.73 kB
dist/assets/settings-D6d4wRX5.js                   15.37 kB │ gzip:   6.56 kB
dist/assets/freemarker2-IGuRTf8n.js                15.54 kB │ gzip:   3.98 kB
dist/assets/settings-brStmN8I.js                   15.68 kB │ gzip:   6.65 kB
dist/assets/settings-CVk5bFJ0.js                   15.87 kB │ gzip:   5.77 kB
dist/assets/solidity-BEEn4gHE.js                   15.99 kB │ gzip:   4.39 kB
dist/assets/settings-BNINa2Qm.js                   16.43 kB │ gzip:   6.22 kB
dist/assets/ip-info-card-MtzEJNEP.js               17.94 kB │ gzip:   7.16 kB
dist/assets/settings-CkVvvXTV.js                   18.06 kB │ gzip:   6.97 kB
dist/assets/settings-CH8woJct.js                   18.06 kB │ gzip:   7.04 kB
dist/assets/settings-B0K-FF-Y.js                   19.07 kB │ gzip:   7.02 kB
dist/assets/settings-CrufCDui.js                   19.70 kB │ gzip:   6.89 kB
dist/assets/settings-B6SBzLV8.js                   20.10 kB │ gzip:   7.12 kB
dist/assets/IconButton-C7uJrl46.js                 20.92 kB │ gzip:   7.53 kB
dist/assets/settings-CIwEBpD1.js                   21.39 kB │ gzip:   7.48 kB
dist/assets/settings-yqO9kFVT.js                   21.48 kB │ gzip:   7.75 kB
dist/assets/settings-CDX6EoS9.js                   21.56 kB │ gzip:   7.36 kB
dist/assets/tsMode-CGck3WgF.js                     21.87 kB │ gzip:   6.16 kB
dist/assets/monaco-yaml-B1iVyHw2.js                21.88 kB │ gzip:   7.88 kB
dist/assets/lib-3iq4iFaD.js                        23.70 kB │ gzip:   8.28 kB
dist/assets/polyfills-DrP9fKR-.js                  24.11 kB │ gzip:   9.05 kB
dist/assets/settings-BMJOzgGG.js                   27.53 kB │ gzip:   8.13 kB
dist/assets/lspLanguageFeatures-HCWmD-TL.js        28.25 kB │ gzip:   7.18 kB
dist/assets/useLockFn-5ZUogkVN.js                  65.15 kB │ gzip:  21.64 kB
dist/assets/react-markdown-CWgbbUPs.js             92.69 kB │ gzip:  27.35 kB
dist/assets/editor.main-Bwzjsw1h.js                95.52 kB │ gzip:  22.43 kB
dist/assets/query-client-mb0yRyEz.js              105.70 kB │ gzip:  38.19 kB
dist/assets/rehype-raw-DNiTXDCC.js                170.01 kB │ gzip:  52.80 kB
dist/assets/meta-json-schema-8AU9A_Ge.js          351.45 kB │ gzip:  48.63 kB
dist/assets/index-DogdHCqF.js                   1,323.48 kB │ gzip: 397.37 kB
dist/assets/editor.api2-CCUdVc46.js             3,624.59 kB │ gzip: 929.84 kB

[32m✓ built in 7.05s[39m
    Updating crates.io index
    Updating git repository `https://github.com/clash-verge-rev/clash-verge-logger`
    Updating git repository `https://github.com/clash-verge-rev/clash-verge-service-ipc`
    Updating git repository `https://github.com/rust-dark-light/dark-light`
    Updating git repository `https://github.com/clash-verge-rev/sysproxy-rs`
    Updating git repository `https://github.com/clash-verge-rev/tauri-plugin-mihomo`
warning: spurious network error (3 tries remaining): [55] Failed sending data to the peer (Failed receiving HTTP2 data: 56(Failure when receiving data from the peer))
warning: spurious network error (3 tries remaining): [55] Failed sending data to the peer (Failed receiving HTTP2 data: 56(Failure when receiving data from the peer))
warning: spurious network error (3 tries remaining): [55] Failed sending data to the peer (Failed receiving HTTP2 data: 56(Failure when receiving data from the peer))
warning: spurious network error (3 tries remaining): [55] Failed sending data to the peer (Failed receiving HTTP2 data: 56(Failure when receiving data from the peer))
warning: spurious network error (3 tries remaining): [55] Failed sending data to the peer (Failed receiving HTTP2 data: 56(Failure when receiving data from the peer))
warning: spurious network error (3 tries remaining): [55] Failed sending data to the peer (Failed receiving HTTP2 data: 56(Failure when receiving data from the peer))
warning: spurious network error (3 tries remaining): [55] Failed sending data to the peer (Failed receiving HTTP2 data: 56(Failure when receiving data from the peer))
warning: spurious network error (3 tries remaining): [55] Failed sending data to the peer (Failed receiving HTTP2 data: 56(Failure when receiving data from the peer))
warning: spurious network error (3 tries remaining): [55] Failed sending data to the peer (Failed receiving HTTP2 data: 56(Failure when receiving data from the peer))
warning: spurious network error (3 tries remaining): [55] Failed sending data to the peer (Failed receiving HTTP2 data: 56(Failure when receiving data from the peer))
warning: spurious network error (3 tries remaining): [55] Failed sending data to the peer (Failed receiving HTTP2 data: 56(Failure when receiving data from the peer))
warning: spurious network error (3 tries remaining): [55] Failed sending data to the peer (Failed receiving HTTP2 data: 56(Failure when receiving data from the peer))
warning: spurious network error (3 tries remaining): [55] Failed sending data to the peer (Failed receiving HTTP2 data: 56(Failure when receiving data from the peer))
warning: spurious network error (3 tries remaining): [55] Failed sending data to the peer (Failed receiving HTTP2 data: 56(Failure when receiving data from the peer))
 Downloading crates ...
  Downloaded adler2 v2.0.1
  Downloaded fax v0.2.7
  Downloaded httpdate v1.0.3
  Downloaded hyper-timeout v0.4.1
  Downloaded new_debug_unreachable v1.0.6
  Downloaded munge_macro v0.4.7
  Downloaded quick-error v2.0.1
  Downloaded serde-xml-rs v0.6.0
  Downloaded serde_derive v1.0.228
  Downloaded tauri-plugin v2.6.3
  Downloaded toml_datetime v0.6.11
  Downloaded unicase v2.9.0
  Downloaded windows-registry v0.5.3
  Downloaded windows-numerics v0.2.0
  Downloaded windows-core v0.61.2
  Downloaded zune-core v0.5.1
  Downloaded xsum v0.1.6
  Downloaded zopfli v0.8.3
  Downloaded zstd-safe v7.2.4
  Downloaded zstd v0.13.3
  Downloaded widestring v1.2.1
  Downloaded warp v0.4.3
  Downloaded ring v0.17.14
  Downloaded webpki-roots v1.0.8
  Downloaded tonic-web v0.10.2
  Downloaded url v2.5.8
  Downloaded zerofrom-derive v0.1.7
  Downloaded winreg v0.56.0
  Downloaded webview2-com v0.38.2
  Downloaded tower-http v0.4.4
  Downloaded windows-threading v0.1.0
  Downloaded tower v0.4.13
  Downloaded zerofrom v0.1.8
  Downloaded zerocopy-derive v0.8.52
  Downloaded winnow v1.0.3
  Downloaded winnow v0.7.15
  Downloaded wry v0.55.1
  Downloaded zune-jpeg v0.5.15
  Downloaded zerocopy v0.8.52
  Downloaded zip v4.6.1
  Downloaded zip v8.6.0
  Downloaded zerovec v0.11.6
  Downloaded winapi v0.3.9
  Downloaded zerotrie v0.2.4
  Downloaded yoke v0.8.3
  Downloaded zlib-rs v0.6.5
  Downloaded xml-rs v0.8.28
  Downloaded writeable v0.6.3
  Downloaded winreg v0.55.0
  Downloaded windows-strings v0.4.2
  Downloaded tungstenite v0.28.0
  Downloaded tracing v0.1.44
  Downloaded tower-http v0.6.11
  Downloaded tower v0.5.3
  Downloaded tonic v0.10.2
  Downloaded window-vibrancy v0.6.0
  Downloaded write16 v1.0.0
  Downloaded windows_x86_64_msvc v0.42.2
  Downloaded winreg v0.10.1
  Downloaded windows-version v0.1.7
  Downloaded windows-threading v0.2.1
  Downloaded windows-targets v0.53.5
  Downloaded windows-targets v0.48.5
  Downloaded windows-targets v0.42.2
  Downloaded windows-strings v0.5.1
  Downloaded windows-result v0.4.1
  Downloaded windows-result v0.3.4
  Downloaded windows_x86_64_msvc v0.52.6
  Downloaded windows-registry v0.6.1
  Downloaded windows-link v0.2.1
  Downloaded windows-future v0.2.1
  Downloaded toml_edit v0.25.12+spec-1.1.0
  Downloaded zmij v1.0.21
  Downloaded zerovec-derive v0.11.3
  Downloaded zeroize v1.9.0
  Downloaded zstd-sys v2.0.16+zstd.1.5.7
  Downloaded yoke-derive v0.8.2
  Downloaded windows-targets v0.52.6
  Downloaded windows_x86_64_msvc v0.48.5
  Downloaded windows-collections v0.3.2
  Downloaded windows_x86_64_msvc v0.53.1
  Downloaded which v4.4.2
  Downloaded weezl v0.1.12
  Downloaded uuid v1.23.4
  Downloaded unsafe-libyaml v0.2.11
  Downloaded tokio v1.52.3
  Downloaded tauri-utils v2.9.3
  Downloaded tauri-plugin-updater v2.10.1
  Downloaded tauri-plugin-shell v2.3.5
  Downloaded tauri-plugin-notification v2.3.3
  Downloaded tauri-plugin-http v2.5.9
  Downloaded tauri-plugin-fs v2.5.1
  Downloaded tauri-plugin-dialog v2.7.1
  Downloaded tauri-plugin-deep-link v2.4.9
  Downloaded web_atoms v0.2.5
  Downloaded walkdir v2.5.0
  Downloaded vswhom v0.1.0
  Downloaded version_check v0.9.5
  Downloaded utf8parse v0.2.2
  Downloaded utf8_iter v1.0.4
  Downloaded utf-8 v0.7.6
  Downloaded urlpattern v0.3.0
  Downloaded urlencoding v2.1.3
  Downloaded untrusted v0.9.0
  Downloaded universal-hash v0.6.1
  Downloaded unicode-segmentation v1.13.3
  Downloaded typenum v1.20.1
  Downloaded typed-path v0.12.3
  Downloaded tracing-subscriber v0.3.23
  Downloaded tokio-util v0.7.18
  Downloaded tiff v0.11.3
  Downloaded termwiz v0.15.0
  Downloaded tauri-runtime-wry v2.11.4
  Downloaded tauri-plugin-window-state v2.4.1
  Downloaded tauri-plugin-process v2.3.1
  Downloaded tauri-plugin-global-shortcut v2.3.2
  Downloaded regex-automata v0.4.14
  Downloaded windows-future v0.3.2
  Downloaded windows-core v0.62.2
  Downloaded webview2-com-macros v0.8.1
  Downloaded want v0.3.1
  Downloaded vtparse v0.6.2
  Downloaded vswhom-sys v0.1.3
  Downloaded utf16_iter v1.0.5
  Downloaded toml_edit v0.22.27
  Downloaded time v0.3.53
  Downloaded tao v0.35.3
  Downloaded syn v1.0.109
  Downloaded serde_with v3.21.0
  Downloaded serde_json v1.0.150
  Downloaded reqwest v0.12.28
  Downloaded regress v0.10.5
  Downloaded regex-syntax v0.8.11
  Downloaded rand v0.8.6
  Downloaded windows-numerics v0.3.1
  Downloaded windows-link v0.1.3
  Downloaded windows-interface v0.59.3
  Downloaded windows-implement v0.60.2
  Downloaded windows-collections v0.2.0
  Downloaded winapi-util v0.1.11
  Downloaded unicode-ident v1.0.24
  Downloaded unic-char-property v0.9.0
  Downloaded tonic-health v0.10.2
  Downloaded toml_writer v1.1.1+spec-1.1.0
  Downloaded toml_write v0.1.2
  Downloaded toml_parser v1.1.2+spec-1.1.0
  Downloaded tempfile v3.27.0
  Downloaded tauri-plugin-clipboard-manager v2.3.2
  Downloaded tauri-plugin-autostart v2.5.1
  Downloaded tauri v2.11.5
  Downloaded stable_deref_trait v1.2.1
  Downloaded rkyv v0.8.17
  Downloaded reqwest v0.13.4
  Downloaded regex v1.12.4
  Downloaded windows-sys v0.45.0
  Downloaded windows-sys v0.61.2
  Downloaded rand v0.10.2
  Downloaded rand v0.9.4
  Downloaded unic-ucd-version v0.9.0
  Downloaded unic-ucd-ident v0.9.0
  Downloaded windows-sys v0.52.0
  Downloaded windows-sys v0.48.0
  Downloaded unic-common v0.9.0
  Downloaded unic-char-range v0.9.0
  Downloaded ucd-trie v0.1.7
  Downloaded windows-sys v0.59.0
  Downloaded typeid v1.0.3
  Downloaded ts-rs-macros v11.1.0
  Downloaded ts-rs v11.1.0
  Downloaded windows-sys v0.60.2
  Downloaded try-lock v0.2.5
  Downloaded triomphe v0.1.16
  Downloaded tray-icon v0.24.1
  Downloaded tracing-log v0.2.0
  Downloaded tracing-core v0.1.36
  Downloaded tracing-attributes v0.1.31
  Downloaded tower-service v0.3.3
  Downloaded tower-layer v0.3.3
  Downloaded toml_datetime v1.1.1+spec-1.1.0
  Downloaded toml_datetime v0.7.5+spec-1.1.0
  Downloaded tokio-stream v0.1.18
  Downloaded tokio-macros v2.7.0
  Downloaded thread_local v1.1.9
  Downloaded thiserror-impl v2.0.18
  Downloaded thiserror-impl v1.0.69
  Downloaded terminfo v0.7.5
  Downloaded termcolor v1.4.1
  Downloaded tendril v0.5.0
  Downloaded tauri-winrt-notification v0.7.3
  Downloaded tauri-winres v0.3.6
  Downloaded tauri-runtime v2.11.3
  Downloaded tauri-plugin-devtools v2.1.0
  Downloaded sysinfo v0.39.5
  Downloaded syn v2.0.118
  Downloaded toml v1.1.2+spec-1.1.0
  Downloaded toml v0.9.12+spec-1.1.0
  Downloaded toml v0.8.23
  Downloaded tokio-tungstenite v0.28.0
  Downloaded tokio-rustls v0.26.4
  Downloaded tokio-io-timeout v1.2.1
  Downloaded tinyvec_macros v0.1.1
  Downloaded tinyvec v1.11.0
  Downloaded tinystr v0.8.3
  Downloaded time-macros v0.2.31
  Downloaded time-core v0.1.9
  Downloaded thiserror v2.0.18
  Downloaded thiserror v1.0.69
  Downloaded thin-vec v0.2.18
  Downloaded tauri-macros v2.6.3
  Downloaded tauri-codegen v2.6.3
  Downloaded tauri-build v2.6.3
  Downloaded tap v1.0.1
  Downloaded sync_wrapper v1.0.2
  Downloaded sync_wrapper v0.1.2
  Downloaded strum_macros v0.28.0
  Downloaded static_assertions v1.1.0
  Downloaded softbuffer v0.4.8
  Downloaded socket2 v0.6.4
  Downloaded socket2 v0.5.10
  Downloaded smartstring v1.0.1
  Downloaded smallvec v1.15.2
  Downloaded small_btree v0.1.0
  Downloaded slab v0.4.12
  Downloaded siphasher v1.0.3
  Downloaded simd-adler32 v0.3.9
  Downloaded shlex v2.0.1
  Downloaded shared_library v0.1.9
  Downloaded shared_child v1.1.1
  Downloaded sharded-slab v0.1.7
  Downloaded sha2 v0.11.0
  Downloaded sha2 v0.10.9
  Downloaded sha2 v0.9.9
  Downloaded servo_arc v0.4.3
  Downloaded serialize-to-javascript v0.1.2
  Downloaded serde_yaml_ng v0.10.0
  Downloaded serde_yaml v0.9.34+deprecated
  Downloaded serde_with_macros v3.21.0
  Downloaded serde_urlencoded v0.7.1
  Downloaded serde_spanned v1.1.1
  Downloaded serde_spanned v0.6.9
  Downloaded serde_repr v0.1.20
  Downloaded serde_derive_internals v0.29.1
  Downloaded serde v1.0.228
  Downloaded selectors v0.36.1
  Downloaded schemars v0.9.0
  Downloaded ryu-js v1.0.2
  Downloaded rustls-webpki v0.103.13
  Downloaded rustls v0.23.41
  Downloaded rustix v0.38.44
  Downloaded rust_iso3166 v0.2.0
  Downloaded quick-xml v0.41.0
  Downloaded phf_codegen v0.11.3
  Downloaded phf v0.14.0
  Downloaded aws-lc-sys v0.42.0
  Downloaded phf v0.11.3
  Downloaded parking_lot v0.12.5
  Downloaded ordered-float v2.10.1
  Downloaded opaque-debug v0.3.1
  Downloaded num_enum_derive v0.7.6
  Downloaded tag_ptr v0.1.0
  Downloaded sys-locale v0.3.2
  Downloaded synstructure v0.13.2
  Downloaded subtle v2.6.1
  Downloaded strum v0.28.0
  Downloaded strsim v0.11.1
  Downloaded string_cache_codegen v0.6.1
  Downloaded string_cache v0.9.0
  Downloaded sha1 v0.11.0
  Downloaded sha1 v0.10.6
  Downloaded serialize-to-javascript-impl v0.1.2
  Downloaded semver-parser v0.10.3
  Downloaded semver v1.0.28
  Downloaded schemars_derive v0.8.22
  Downloaded schemars v1.2.1
  Downloaded schemars v0.8.22
  Downloaded ryu v1.0.23
  Downloaded rustls-platform-verifier v0.7.0
  Downloaded rust-i18n-support v4.1.0
  Downloaded rust-i18n-macro v4.1.0
  Downloaded ringbuf v0.4.8
  Downloaded rfd v0.16.0
  Downloaded rend v0.5.4
  Downloaded recvmsg v1.0.0
  Downloaded raw-window-handle v0.6.2
  Downloaded rand_core v0.10.1
  Downloaded rand_core v0.9.5
  Downloaded rand_chacha v0.3.1
  Downloaded quote v1.0.46
  Downloaded quinn-udp v0.5.14
  Downloaded pxfm v0.1.29
  Downloaded publicsuffix v2.3.0
  Downloaded portable-atomic v1.13.1
  Downloaded png v0.18.1
  Downloaded png v0.17.16
  Downloaded pest v2.8.7
  Downloaded pbkdf2 v0.13.0
  Downloaded num-bigint v0.4.7
  Downloaded ntapi v0.4.3
  Downloaded notify-rust v4.18.0
  Downloaded libc v0.2.186
  Downloaded brotli v8.0.4
  Downloaded boa_engine v0.21.1
  Downloaded serde_core v1.0.228
  Downloaded serde-untagged v0.1.9
  Downloaded semver-parser v0.7.0
  Downloaded semver v0.11.0
  Downloaded semver v0.9.0
  Downloaded webview2-com-sys v0.38.2
  Downloaded scopeguard v1.2.0
  Downloaded scoped-tls v1.0.1
  Downloaded rustversion v1.0.22
  Downloaded rustls-pki-types v1.15.0
  Downloaded rustc_version v0.4.1
  Downloaded rustc_version v0.2.3
  Downloaded rustc-hash v2.1.3
  Downloaded rust-i18n v4.1.0
  Downloaded runas v1.2.0
  Downloaded rkyv_derive v0.8.17
  Downloaded reqwest_dav v0.3.3
  Downloaded ref-cast-impl v1.0.25
  Downloaded ref-cast v1.0.25
  Downloaded rand_core v0.6.4
  Downloaded rand_chacha v0.9.0
  Downloaded rancor v0.1.2
  Downloaded quinn v0.11.11
  Downloaded ptr_meta_derive v0.3.1
  Downloaded ptr_meta v0.3.1
  Downloaded prost-derive v0.12.6
  Downloaded ppmd-rust v1.4.0
  Downloaded powerfmt v0.2.0
  Downloaded phf_shared v0.11.3
  Downloaded phf_macros v0.14.0
  Downloaded num_enum v0.7.6
  Downloaded num-traits v0.2.19
  Downloaded mio v1.2.1
  Downloaded lzma-rust2 v0.16.4
  Downloaded encoding_rs v0.8.35
  Downloaded bstr v1.12.3
  Downloaded same-file v1.0.6
  Downloaded quinn-proto v0.11.15
  Downloaded prost-types v0.12.6
  Downloaded proc-macro2 v1.0.106
  Downloaded proc-macro-crate v3.5.0
  Downloaded precomputed-hash v0.1.1
  Downloaded potential_utf v0.1.5
  Downloaded portable-atomic-util v0.2.7
  Downloaded polyval v0.7.1
  Downloaded plist v1.10.0
  Downloaded pkg-config v0.3.33
  Downloaded pin-project v1.1.13
  Downloaded phf_shared v0.14.0
  Downloaded phf_generator v0.14.0
  Downloaded phf_generator v0.13.1
  Downloaded phf_generator v0.11.3
  Downloaded phf v0.13.1
  Downloaded percent-encoding v2.3.2
  Downloaded path-tree v0.8.3
  Downloaded paste v1.0.15
  Downloaded parking_lot_core v0.9.12
  Downloaded os_pipe v1.2.3
  Downloaded open v5.3.6
  Downloaded once_cell v1.21.4
  Downloaded num-integer v0.1.46
  Downloaded nu-ansi-term v0.50.3
  Downloaded normpath v1.5.1
  Downloaded nom v5.1.3
  Downloaded moxcms v0.8.1
  Downloaded miniz_oxide v0.8.9
  Downloaded mime_guess v2.0.5
  Downloaded mime v0.3.17
  Downloaded memchr v2.8.2
  Downloaded md-5 v0.10.6
  Downloaded kode-bridge v0.4.0
  Downloaded itertools v0.14.0
  Downloaded itertools v0.12.1
  Downloaded itertools v0.11.0
  Downloaded idna v1.1.0
  Downloaded icu_properties_data v2.0.1
  Downloaded hyper-util v0.1.20
  Downloaded hyper v1.10.1
  Downloaded hashbrown v0.17.1
  Downloaded h2 v0.4.15
  Downloaded chrono v0.4.45
  Downloaded brotli-decompressor v5.0.3
  Downloaded aws-lc-rs v1.17.1
  Downloaded psl-types v2.0.11
  Downloaded prost v0.12.6
  Downloaded ppv-lite86 v0.2.21
  Downloaded pin-project-lite v0.2.17
  Downloaded pin-project-internal v1.1.13
  Downloaded phf_shared v0.13.1
  Downloaded phf_macros v0.13.1
  Downloaded phf_codegen v0.13.1
  Downloaded pathsearch v0.2.0
  Downloaded parking v2.2.1
  Downloaded option-ext v0.2.0
  Downloaded num-derive v0.3.3
  Downloaded num-conv v0.2.2
  Downloaded network-interface v2.0.5
  Downloaded nanoid v0.5.0
  Downloaded munge v0.4.7
  Downloaded muda v0.19.3
  Downloaded matchit v0.7.3
  Downloaded matchers v0.2.0
  Downloaded log v0.4.33
  Downloaded litrs v1.0.0
  Downloaded litemap v0.8.2
  Downloaded libbz2-rs-sys v0.2.5
  Downloaded keyboard-types v0.7.0
  Downloaded jsonptr v0.6.3
  Downloaded ipnet v2.12.0
  Downloaded infer v0.19.0
  Downloaded indexmap v1.9.3
  Downloaded image v0.25.10
  Downloaded icu_properties v2.0.2
  Downloaded icu_normalizer_data v2.0.0
  Downloaded ico v0.5.0
  Downloaded hybrid-array v0.4.13
  Downloaded http-body-util v0.1.3
  Downloaded http v0.2.12
  Downloaded derive_more-impl v2.1.1
  Downloaded crossbeam-channel v0.5.15
  Downloaded compact_str v0.9.1
  Downloaded cfb v0.7.3
  Downloaded cc v1.2.65
  Downloaded bytes v1.12.0
  Downloaded bumpalo v3.20.3
  Downloaded boa_parser v0.21.1
  Downloaded boa_ast v0.21.1
  Downloaded base64 v0.22.1
  Downloaded base64 v0.21.7
  Downloaded base64 v0.13.1
  Downloaded axum v0.6.20
  Downloaded async-compression v0.4.42
  Downloaded arc-swap v1.9.2
  Downloaded arboard v3.6.1
  Downloaded allocator-api2 v0.2.21
  Downloaded aho-corasick v1.1.4
  Downloaded aes-gcm v0.11.0
  Downloaded aes v0.9.1
  Downloaded minisign-verify v0.2.5
  Downloaded memoffset v0.9.1
  Downloaded memmem v0.1.1
  Downloaded markup5ever v0.38.0
  Downloaded lru-slab v0.1.2
  Downloaded lock_api v0.4.14
  Downloaded local-ip-address v0.5.7
  Downloaded lazy_static v1.5.0
  Downloaded lazy-regex-proc_macros v3.6.0
  Downloaded lazy-regex v3.6.0
  Downloaded json-patch v3.0.1
  Downloaded jobserver v0.1.34
  Downloaded itoa v1.0.18
  Downloaded interprocess v2.4.2
  Downloaded ignore v0.4.27
  Downloaded icu_provider v2.2.0
  Downloaded html5ever v0.38.0
  Downloaded heck v0.5.0
  Downloaded headers-core v0.3.0
  Downloaded hashbrown v0.14.5
  Downloaded globwalk v0.8.1
  Downloaded globset v0.4.18
  Downloaded global-hotkey v0.8.0
  Downloaded generic-array v0.14.7
  Downloaded futures-task v0.3.32
  Downloaded futures-lite v2.6.1
  Downloaded futures-executor v0.3.32
  Downloaded form_urlencoded v1.2.2
  Downloaded foldhash v0.2.0
  Downloaded float16 v0.1.5
  Downloaded filedescriptor v0.8.3
  Downloaded fastrand v2.4.1
  Downloaded error-code v3.3.2
  Downloaded embed-resource v3.0.11
  Downloaded dynify v0.1.2
  Downloaded dunce v1.0.5
  Downloaded dtoa v1.0.11
  Downloaded doctest-file v1.1.1
  Downloaded dirs-sys v0.5.0
  Downloaded windows v0.62.2
  Downloaded dirs v6.0.0
  Downloaded dirs v4.0.0
  Downloaded digest v0.9.0
  Downloaded devtools-core v0.3.6
  Downloaded derive_more v2.1.1
  Downloaded deranged v0.5.8
  Downloaded darling_core v0.23.0
  Downloaded cssparser v0.36.0
  Downloaded crossbeam-epoch v0.9.18
  Downloaded crossbeam-deque v0.8.6
  Downloaded crc32fast v1.5.0
  Downloaded cookie_store v0.22.1
  Downloaded const-oid v0.10.2
  Downloaded colored v2.2.0
  Downloaded chacha20 v0.10.1
  Downloaded cargo_toml v0.22.3
  Downloaded camino v1.2.4
  Downloaded bytemuck v1.25.0
  Downloaded bitflags v2.13.0
  Downloaded backon v1.6.0
  Downloaded autocfg v1.5.1
  Downloaded anyhow v1.0.103
  Downloaded iptools v0.4.1
  Downloaded intrusive-collections v0.9.7
  Downloaded inout v0.2.2
  Downloaded indexmap v2.14.0
  Downloaded idna_adapter v1.2.1
  Downloaded ident_case v1.0.1
  Downloaded icu_normalizer v2.0.1
  Downloaded icu_locale_core v2.2.0
  Downloaded icu_collections v2.0.0
  Downloaded http-range-header v0.3.1
  Downloaded http-range v0.1.5
  Downloaded hmac v0.13.0
  Downloaded hashbrown v0.16.1
  Downloaded hashbrown v0.12.3
  Downloaded h2 v0.3.27
  Downloaded glob v0.3.3
  Downloaded getrandom v0.2.17
  Downloaded gethostname v1.1.0
  Downloaded futures-sink v0.3.32
  Downloaded futures-concurrency v7.7.1
  Downloaded futures v0.3.32
  Downloaded flexi_logger v0.31.9
  Downloaded flate2 v1.1.9
  Downloaded find-msvc-tools v0.1.9
  Downloaded fdeflate v0.3.7
  Downloaded errno v0.3.14
  Downloaded equivalent v1.0.2
  Downloaded equator v0.4.2
  Downloaded either v1.16.0
  Downloaded dyn-clone v1.0.20
  Downloaded windows v0.61.3
  Downloaded dtoa-short v0.3.5
  Downloaded document-features v0.2.12
  Downloaded dirs-sys v0.3.7
  Downloaded digest_auth v0.3.1
  Downloaded digest v0.10.7
  Downloaded deflate64 v0.1.12
  Downloaded data-encoding v2.11.0
  Downloaded dashmap v6.2.1
  Downloaded ctutils v0.4.2
  Downloaded ctr v0.10.1
  Downloaded ctor-proc-macro v0.0.7
  Downloaded crossbeam-utils v0.8.21
  Downloaded crossbeam v0.8.4
  Downloaded cookie v0.18.1
  Downloaded constant_time_eq v0.4.2
  Downloaded compression-codecs v0.4.38
  Downloaded cmov v0.5.4
  Downloaded clipboard-win v5.4.1
  Downloaded cipher v0.5.2
  Downloaded cargo_metadata v0.19.2
  Downloaded byteorder v1.5.0
  Downloaded bytemuck_derive v1.10.2
  Downloaded bs58 v0.5.1
  Downloaded boa_string v0.21.1
  Downloaded boa_macros v0.21.1
  Downloaded boa_gc v0.21.1
  Downloaded block-buffer v0.10.4
  Downloaded bitflags v1.3.2
  Downloaded bit-vec v0.8.0
  Downloaded bit-set v0.8.0
  Downloaded base62 v2.2.4
  Downloaded atomic-waker v1.1.2
  Downloaded async-trait v0.1.89
  Downloaded async-stream-impl v0.3.6
  Downloaded async-stream v0.3.6
  Downloaded arraydeque v0.5.1
  Downloaded aligned-vec v0.6.4
  Downloaded hyper-rustls v0.27.9
  Downloaded hyper v0.14.32
  Downloaded httparse v1.10.1
  Downloaded http-body v1.0.1
  Downloaded http v1.4.2
  Downloaded hex v0.4.3
  Downloaded headers v0.4.1
  Downloaded half v2.7.1
  Downloaded getrandom v0.4.3
  Downloaded getrandom v0.3.4
  Downloaded futures-util v0.3.32
  Downloaded futures-macro v0.3.32
  Downloaded futures-core v0.3.32
  Downloaded futures-channel v0.3.32
  Downloaded fixedbitset v0.5.7
  Downloaded dom_query v0.27.0
  Downloaded deelevate v0.2.0
  Downloaded data-url v0.3.2
  Downloaded darling_macro v0.23.0
  Downloaded darling v0.23.0
  Downloaded ctor v0.8.0
  Downloaded cssparser-macros v0.6.1
  Downloaded crypto-common v0.2.2
  Downloaded crypto-common v0.1.7
  Downloaded crossbeam-queue v0.3.12
  Downloaded cpufeatures v0.3.0
  Downloaded cpufeatures v0.2.17
  Downloaded cpubits v0.1.1
  Downloaded cow-utils v0.1.3
  Downloaded compression-core v0.4.32
  Downloaded cmake v0.1.58
  Downloaded castaway v0.2.4
  Downloaded cargo-platform v0.1.9
  Downloaded bzip2 v0.6.1
  Downloaded byteorder-lite v0.1.0
  Downloaded block-buffer v0.12.1
  Downloaded auto-launch v0.5.0
  Downloaded alloc-stdlib v0.2.4
  Downloaded alloc-no-stdlib v2.0.4
  Downloaded http-body v0.4.6
  Downloaded home v0.5.12
  Downloaded ghash v0.6.0
  Downloaded futures-io v0.3.32
  Downloaded fs_extra v1.3.0
  Downloaded fnv v1.0.7
  Downloaded fast-float2 v0.2.3
  Downloaded dynify-macros v0.1.2
  Downloaded digest v0.11.3
  Downloaded devtools-wire-format v0.5.3
  Downloaded cfg_aliases v0.2.1
  Downloaded cfg-if v1.0.4
  Downloaded boa_interner v0.21.1
  Downloaded block-buffer v0.9.0
  Downloaded axum-core v0.3.4
  Downloaded arrayvec v0.7.8
  Downloaded aead v0.6.1
  Downloaded erased-serde v0.4.10
  Downloaded equator-macro v0.4.2
  Downloaded dtor-proc-macro v0.0.6
  Downloaded dtor v0.3.0
  Downloaded dpi v0.1.2
  Downloaded displaydoc v0.2.6
   Compiling proc-macro2 v1.0.106
   Compiling unicode-ident v1.0.24
   Compiling quote v1.0.46
   Compiling cfg-if v1.0.4
   Compiling parking_lot_core v0.9.12
   Compiling windows-link v0.2.1
   Compiling serde_core v1.0.228
   Compiling siphasher v1.0.3
   Compiling autocfg v1.5.1
   Compiling windows_x86_64_msvc v0.52.6
   Compiling syn v2.0.118
   Compiling smallvec v1.15.2
   Compiling windows_x86_64_msvc v0.48.5
   Compiling icu_properties_data v2.0.1
   Compiling thiserror v2.0.18
   Compiling icu_normalizer_data v2.0.0
   Compiling zmij v1.0.21
   Compiling getrandom v0.3.4
   Compiling memchr v2.8.2
   Compiling fastrand v2.4.1
   Compiling phf_shared v0.13.1
   Compiling stable_deref_trait v1.2.1
   Compiling phf_generator v0.13.1
   Compiling serde v1.0.228
   Compiling anyhow v1.0.103
   Compiling thiserror v1.0.69
   Compiling aho-corasick v1.1.4
   Compiling time-core v0.1.9
   Compiling regex-syntax v0.8.11
   Compiling num-conv v0.2.2
   Compiling windows-targets v0.48.5
   Compiling synstructure v0.13.2
   Compiling pin-project-lite v0.2.17
   Compiling dunce v1.0.5
   Compiling regex-automata v0.4.14
   Compiling bytes v1.12.0
   Compiling itoa v1.0.18
   Compiling windows-sys v0.48.0
   Compiling jobserver v0.1.34
   Compiling serde_derive v1.0.228
   Compiling zerofrom-derive v0.1.7
   Compiling yoke-derive v0.8.2
   Compiling zerovec-derive v0.11.3
   Compiling displaydoc v0.2.6
   Compiling thiserror-impl v2.0.18
   Compiling zerofrom v0.1.8
   Compiling thiserror-impl v1.0.69
   Compiling phf_macros v0.13.1
   Compiling yoke v0.8.3
   Compiling shlex v2.0.1
   Compiling equivalent v1.0.2
   Compiling find-msvc-tools v0.1.9
   Compiling hashbrown v0.17.1
   Compiling winapi-util v0.1.11
   Compiling cc v1.2.65
   Compiling indexmap v2.14.0
   Compiling log v0.4.33
   Compiling zerovec v0.11.6
   Compiling winnow v1.0.3
   Compiling typeid v1.0.3
   Compiling serde_json v1.0.150
   Compiling tinystr v0.8.3
   Compiling same-file v1.0.6
   Compiling regex v1.12.4
   Compiling phf_codegen v0.13.1
   Compiling toml_parser v1.1.2+spec-1.1.0
   Compiling writeable v0.6.3
   Compiling strsim v0.11.1
   Compiling erased-serde v0.4.10
   Compiling litemap v0.8.2
   Compiling ident_case v1.0.1
   Compiling windows_x86_64_msvc v0.53.1
   Compiling icu_locale_core v2.2.0
   Compiling darling_core v0.23.0
   Compiling walkdir v2.5.0
   Compiling potential_utf v0.1.5
   Compiling once_cell v1.21.4
   Compiling zerotrie v0.2.4
   Compiling toml_datetime v1.1.1+spec-1.1.0
   Compiling icu_provider v2.2.0
   Compiling icu_collections v2.0.0
   Compiling scopeguard v1.2.0
   Compiling new_debug_unreachable v1.0.6
   Compiling version_check v0.9.5
   Compiling lock_api v0.4.14
   Compiling windows-targets v0.53.5
   Compiling phf v0.13.1
   Compiling string_cache_codegen v0.6.1
   Compiling getrandom v0.4.3
   Compiling precomputed-hash v0.1.1
   Compiling windows-sys v0.60.2
   Compiling icu_properties v2.0.2
   Compiling web_atoms v0.2.5
   Compiling darling_macro v0.23.0
   Compiling icu_normalizer v2.0.1
   Compiling darling v0.23.0
   Compiling serde_with_macros v3.21.0
   Compiling parking_lot v0.12.5
   Compiling serde_spanned v1.1.1
   Compiling windows-sys v0.61.2
   Compiling toml_writer v1.1.1+spec-1.1.0
   Compiling ctor-proc-macro v0.0.7
   Compiling libc v0.2.186
   Compiling string_cache v0.9.0
   Compiling idna_adapter v1.2.1
   Compiling semver v1.0.28
   Compiling utf8_iter v1.0.4
   Compiling utf-8 v0.7.6
   Compiling dtoa v1.0.11
   Compiling percent-encoding v2.3.2
   Compiling dtoa-short v0.3.5
   Compiling form_urlencoded v1.2.2
   Compiling tendril v0.5.0
   Compiling idna v1.1.0
   Compiling uuid v1.23.4
   Compiling selectors v0.36.1
   Compiling cssparser-macros v0.6.1
   Compiling derive_more-impl v2.1.1
   Compiling indexmap v1.9.3
   Compiling alloc-no-stdlib v2.0.4
   Compiling camino v1.2.4
   Compiling unic-common v0.9.0
   Compiling byteorder v1.5.0
   Compiling unic-char-range v0.9.0
   Compiling glob v0.3.3
   Compiling unic-char-property v0.9.0
   Compiling unic-ucd-version v0.9.0
   Compiling alloc-stdlib v0.2.4
   Compiling cssparser v0.36.0
   Compiling markup5ever v0.38.0
   Compiling derive_more v2.1.1
   Compiling url v2.5.8
   Compiling toml v1.1.2+spec-1.1.0
   Compiling serde_derive_internals v0.29.1
   Compiling servo_arc v0.4.3
   Compiling powerfmt v0.2.0
   Compiling fnv v1.0.7
   Compiling deranged v0.5.8
   Compiling bit-vec v0.8.0
   Compiling rustc-hash v2.1.3
   Compiling hashbrown v0.12.3
   Compiling schemars v0.8.22
   Compiling bitflags v2.13.0
   Compiling schemars_derive v0.8.22
   Compiling time v0.3.53
   Compiling bit-set v0.8.0
   Compiling cfb v0.7.3
   Compiling html5ever v0.38.0
   Compiling windows-targets v0.52.6
   Compiling brotli-decompressor v5.0.3
   Compiling unic-ucd-ident v0.9.0
   Compiling jsonptr v0.6.3
   Compiling cargo-platform v0.1.9
   Compiling quick-xml v0.41.0
   Compiling base64 v0.22.1
   Compiling dyn-clone v1.0.20
   Compiling foldhash v0.2.0
   Compiling dom_query v0.27.0
   Compiling http v1.4.2
   Compiling plist v1.10.0
   Compiling cargo_metadata v0.19.2
   Compiling json-patch v3.0.1
   Compiling urlpattern v0.3.0
   Compiling brotli v8.0.4
   Compiling serde-untagged v0.1.9
   Compiling infer v0.19.0
   Compiling serde_with v3.21.0
   Compiling ctor v0.8.0
   Compiling mio v1.2.1
   Compiling socket2 v0.6.4
   Compiling tokio-macros v2.7.0
   Compiling tauri-utils v2.9.3
   Compiling tokio v1.52.3
   Compiling generic-array v0.14.7
   Compiling winnow v0.7.15
   Compiling tracing-core v0.1.36
   Compiling futures-core v0.3.32
   Compiling tracing-attributes v0.1.31
   Compiling windows-sys v0.59.0
   Compiling tracing v0.1.44
   Compiling vswhom-sys v0.1.3
   Compiling tauri-plugin v2.6.3
   Compiling typenum v1.20.1
   Compiling heck v0.5.0
   Compiling crc32fast v1.5.0
   Compiling vswhom v0.1.0
   Compiling winreg v0.55.0
   Compiling rustc_version v0.4.1
   Compiling toml_datetime v0.7.5+spec-1.1.0
   Compiling option-ext v0.2.0
   Compiling dirs-sys v0.5.0
   Compiling toml v0.9.12+spec-1.1.0
   Compiling embed-resource v3.0.11
   Compiling windows-interface v0.59.3
   Compiling windows-implement v0.60.2
   Compiling cargo_toml v0.22.3
   Compiling tauri-winres v0.3.6
   Compiling dirs v6.0.0
   Compiling num-traits v0.2.19
   Compiling futures-sink v0.3.32
   Compiling utf16_iter v1.0.5
   Compiling write16 v1.0.0
   Compiling tauri-build v2.6.3
   Compiling slab v0.4.12
   Compiling futures-io v0.3.32
   Compiling windows-link v0.1.3
   Compiling tauri v2.11.5
   Compiling futures-channel v0.3.32
   Compiling crossbeam-utils v0.8.21
   Compiling rustversion v1.0.22
   Compiling windows-result v0.3.4
   Compiling windows-strings v0.4.2
   Compiling futures-macro v0.3.32
   Compiling simd-adler32 v0.3.9
   Compiling futures-task v0.3.32
   Compiling futures-util v0.3.32
   Compiling time-macros v0.2.31
   Compiling mime v0.3.17
   Compiling windows-core v0.61.2
   Compiling adler2 v2.0.1
   Compiling miniz_oxide v0.8.9
   Compiling bitflags v1.3.2
   Compiling zlib-rs v0.6.5
   Compiling windows-threading v0.1.0
   Compiling getrandom v0.2.17
   Compiling zeroize v1.9.0
   Compiling windows-future v0.2.1
   Compiling windows-numerics v0.2.0
   Compiling windows-collections v0.2.0
   Compiling tokio-util v0.7.18
   Compiling flate2 v1.1.9
   Compiling windows-sys v0.52.0
   Compiling cookie v0.18.1
   Compiling httparse v1.10.1
   Compiling zerocopy v0.8.52
   Compiling windows v0.61.3
   Compiling unicode-segmentation v1.13.3
   Compiling raw-window-handle v0.6.2
   Compiling tower-service v0.3.3
   Compiling crossbeam-channel v0.5.15
   Compiling webview2-com-sys v0.38.2
   Compiling dpi v0.1.2
   Compiling windows-version v0.1.7
   Compiling ppv-lite86 v0.2.21
   Compiling rand_core v0.10.1
   Compiling block-buffer v0.10.4
   Compiling crypto-common v0.1.7
   Compiling fdeflate v0.3.7
   Compiling bytemuck_derive v1.10.2
   Compiling webview2-com-macros v0.8.1
   Compiling try-lock v0.2.5
   Compiling httpdate v1.0.3
   Compiling want v0.3.1
   Compiling bytemuck v1.25.0
   Compiling png v0.17.16
   Compiling digest v0.10.7
   Compiling keyboard-types v0.7.0
   Compiling cpufeatures v0.2.17
   Compiling wry v0.55.1
   Compiling tauri-runtime v2.11.3
   Compiling pxfm v0.1.29
   Compiling sha2 v0.10.9
   Compiling png v0.18.1
   Compiling moxcms v0.8.1
   Compiling webview2-com v0.38.2
   Compiling ico v0.5.0
   Compiling socket2 v0.5.10
   Compiling hybrid-array v0.4.13
   Compiling windows-result v0.4.1
   Compiling windows-strings v0.5.1
   Compiling byteorder-lite v0.1.0
   Compiling tower-layer v0.3.3
   Compiling tauri-runtime-wry v2.11.4
   Compiling image v0.25.10
   Compiling tauri-codegen v2.6.3
   Compiling tao v0.35.3
   Compiling muda v0.19.3
   Compiling softbuffer v0.4.8
   Compiling cmake v0.1.58
   Compiling serialize-to-javascript-impl v0.1.2
   Compiling fs_extra v1.3.0
   Compiling aws-lc-sys v0.42.0
   Compiling serialize-to-javascript v0.1.2
   Compiling tray-icon v0.24.1
   Compiling tauri-macros v2.6.3
   Compiling window-vibrancy v0.6.0
   Compiling serde_repr v0.1.20
   Compiling http-range v0.1.5
Removed unused commands from app: app_show, app_hide, fetch_data_store_identifiers, remove_data_store, default_window_icon, set_app_theme, set_dock_visibility
Removed unused commands from webview: webview_close, set_webview_size, set_webview_position, set_webview_focus, set_webview_auto_resize, set_webview_background_color, set_webview_zoom, webview_hide, webview_show, clear_all_browsing_data, reparent
Removed unused commands from window: destroy, set_size_constraints, set_focusable, set_enabled, set_background_color, set_shadow, set_effects, set_always_on_bottom, set_simple_fullscreen, set_badge_count, set_badge_label, set_progress_bar, set_overlay_icon, set_visible_on_all_workspaces, set_title_bar_style
   Compiling crypto-common v0.2.2
   Compiling either v1.16.0
   Compiling winapi v0.3.9
   Compiling rand_core v0.6.4
   Compiling ring v0.17.14
   Compiling ryu v1.0.23
   Compiling aws-lc-rs v1.17.1
   Compiling rand_chacha v0.3.1
   Compiling http v0.2.12
   Compiling pin-project-internal v1.1.13
   Compiling pin-project v1.1.13
   Compiling rand v0.8.6
   Compiling rustls-pki-types v1.15.0
   Compiling http-body v1.0.1
   Compiling static_assertions v1.1.0
   Compiling untrusted v0.9.0
   Compiling cmov v0.5.4
   Compiling cpufeatures v0.3.0
   Compiling ctutils v0.4.2
   Compiling http-body v0.4.6
   Compiling block-buffer v0.12.1
   Compiling subtle v2.6.1
   Compiling rustls v0.23.41
   Compiling atomic-waker v1.1.2
   Compiling h2 v0.4.15
   Compiling crossbeam-epoch v0.9.18
   Compiling hyper v1.10.1
   Compiling h2 v0.3.27
   Compiling itertools v0.12.1
   Compiling windows-registry v0.6.1
   Compiling axum-core v0.3.4
   Compiling async-trait v0.1.89
   Compiling bstr v1.12.3
   Compiling lazy_static v1.5.0
   Compiling compression-core v0.4.32
   Compiling ipnet v2.12.0
   Compiling hyper-util v0.1.20
   Compiling compression-codecs v0.4.38
   Compiling globset v0.4.18
   Compiling prost-derive v0.12.6
   Compiling hyper v0.14.32
   Compiling crossbeam-deque v0.8.6
   Compiling http-body-util v0.1.3
   Compiling rand_core v0.9.5
   Compiling axum v0.6.20
   Compiling tokio-stream v0.1.18
   Compiling sync_wrapper v1.0.2
   Compiling ptr_meta_derive v0.3.1
   Compiling phf_shared v0.11.3
   Compiling paste v1.0.15
   Compiling litrs v1.0.0
   Compiling psl-types v2.0.11
   Compiling publicsuffix v2.3.0
   Compiling phf_generator v0.11.3
   Compiling document-features v0.2.12
   Compiling ptr_meta v0.3.1
   Compiling tower v0.5.3
   Compiling rand_chacha v0.9.0
   Compiling ignore v0.4.27
   Compiling prost v0.12.6
   Compiling async-compression v0.4.42
   Compiling tower v0.4.13
   Compiling webpki-roots v1.0.8
   Compiling serde_urlencoded v0.7.1
   Compiling windows-core v0.62.2
   Compiling nu-ansi-term v0.50.3
   Compiling tauri-plugin-fs v2.5.1
   Compiling tokio-io-timeout v1.2.1
   Compiling munge_macro v0.4.7
   Compiling async-stream-impl v0.3.6
   Compiling encoding_rs v0.8.35
   Compiling matchit v0.7.3
   Compiling allocator-api2 v0.2.21
   Compiling const-oid v0.10.2
   Compiling pkg-config v0.3.33
   Compiling sync_wrapper v0.1.2
   Compiling hashbrown v0.16.1
   Compiling zstd-sys v2.0.16+zstd.1.5.7
   Compiling digest v0.11.3
   Compiling async-stream v0.3.6
   Compiling munge v0.4.7
   Compiling hyper-timeout v0.4.1
   Compiling tower-http v0.6.11
   Compiling globwalk v0.8.1
   Compiling rand v0.9.4
   Compiling cookie_store v0.22.1
   Compiling rancor v0.1.2
   Compiling phf_codegen v0.11.3
   Compiling inout v0.2.2
   Compiling nom v5.1.3
   Compiling serde_spanned v0.6.9
   Compiling toml_datetime v0.6.11
   Compiling rkyv_derive v0.8.17
   Compiling semver-parser v0.7.0
   Compiling rend v0.5.4
   Compiling fast-float2 v0.2.3
   Compiling cow-utils v0.1.3
   Compiling syn v1.0.109
   Compiling ucd-trie v0.1.7
   Compiling base64 v0.21.7
   Compiling toml_write v0.1.2
   Compiling windows_x86_64_msvc v0.42.2
   Compiling ryu-js v1.0.2
   Compiling toml_edit v0.22.27
   Compiling boa_string v0.21.1
   Compiling tonic v0.10.2
   Compiling rkyv v0.8.17
   Compiling pest v2.8.7
   Compiling boa_macros v0.21.1
   Compiling semver v0.9.0
   Compiling terminfo v0.7.5
   Compiling sha1 v0.10.6
   Compiling dirs-sys v0.3.7
   Compiling futures-executor v0.3.32
   Compiling arc-swap v1.9.2
   Compiling castaway v0.2.4
   Compiling chrono v0.4.45
   Compiling windows-threading v0.2.1
   Compiling thin-vec v0.2.18
   Compiling hex v0.4.3
   Compiling unsafe-libyaml v0.2.11
   Compiling cpubits v0.1.1
   Compiling serde_yaml v0.9.34+deprecated
   Compiling boa_gc v0.21.1
   Compiling windows-future v0.3.2
   Compiling normpath v1.5.1
   Compiling phf v0.11.3
   Compiling compact_str v0.9.1
   Compiling triomphe v0.1.16
   Compiling futures v0.3.32
   Compiling dirs v4.0.0
   Compiling rustc_version v0.2.3
   Compiling semver-parser v0.10.3
   Compiling toml v0.8.23
   Compiling cipher v0.5.2
   Compiling windows-collections v0.3.2
   Compiling windows-numerics v0.3.1
   Compiling itertools v0.11.0
   Compiling block-buffer v0.9.0
   Compiling digest v0.9.0
   Compiling num-integer v0.1.46
   Compiling tauri-plugin-clipboard-manager v2.3.2
   Compiling toml_edit v0.25.12+spec-1.1.0
   Compiling memoffset v0.9.1
   Compiling phf_shared v0.14.0
   Compiling zstd-safe v7.2.4
   Compiling winreg v0.10.1
   Compiling opaque-debug v0.3.1
   Compiling rustix v0.38.44
   Compiling utf8parse v0.2.2
   Compiling error-code v3.3.2
   Compiling unicase v2.9.0
   Compiling base62 v2.2.4
   Compiling ntapi v0.4.3
   Compiling http-range-header v0.3.1
   Compiling rust-i18n-support v4.1.0
   Compiling tower-http v0.4.4
   Compiling mime_guess v2.0.5
   Compiling clipboard-win v5.4.1
   Compiling vtparse v0.6.2
   Compiling sha2 v0.9.9
   Compiling phf_generator v0.14.0
   Compiling proc-macro-crate v3.5.0
   Compiling num-bigint v0.4.7
   Compiling windows v0.62.2
   Compiling num-derive v0.3.3
   Compiling windows-targets v0.42.2
   Compiling semver v0.11.0
   Compiling float16 v0.1.5
   Compiling boa_interner v0.21.1
   Compiling flexi_logger v0.31.9
   Compiling rust-i18n v4.1.0
   Compiling prost-types v0.12.6
   Compiling sharded-slab v0.1.7
   Compiling universal-hash v0.6.1
   Compiling chacha20 v0.10.1
   Compiling filedescriptor v0.8.3
   Compiling errno v0.3.14
   Compiling matchers v0.2.0
   Compiling ordered-float v2.10.1
   Compiling tauri-plugin-global-shortcut v2.3.2
   Compiling tauri-plugin-devtools v2.1.0
   Compiling tauri-plugin-autostart v2.5.1
   Compiling tauri-plugin-process v2.3.1
   Compiling tauri-plugin-notification v2.3.3
   Compiling tauri-plugin-mihomo v0.5.4 (https://github.com/clash-verge-rev/tauri-plugin-mihomo?branch=fix%2Fapi-robustness#cf97ff99)
   Compiling tauri-plugin-dialog v2.7.1
   Compiling tauri-plugin-window-state v2.4.1
   Compiling tauri-plugin-http v2.5.9
   Compiling tauri-plugin-updater v2.10.1
   Compiling tauri-plugin-shell v2.3.5
   Compiling tauri-plugin-deep-link v2.4.9
   Compiling tracing-log v0.2.0
   Compiling lazy-regex-proc_macros v3.6.0
   Compiling termcolor v1.4.1
   Compiling equator-macro v0.4.2
   Compiling thread_local v1.1.9
   Compiling base64 v0.13.1
   Compiling parking v2.2.1
   Compiling rfd v0.16.0
   Compiling data-encoding v2.11.0
   Compiling recvmsg v1.0.0
   Compiling tinyvec_macros v0.1.1
   Compiling portable-atomic v1.13.1
   Compiling widestring v1.2.1
   Compiling memmem v0.1.1
   Compiling doctest-file v1.1.1
   Compiling interprocess v2.4.2
   Compiling tungstenite v0.28.0
   Compiling termwiz v0.15.0
   Compiling tinyvec v1.11.0
   Compiling futures-lite v2.6.1
   Compiling tracing-subscriber v0.3.23
   Compiling equator v0.4.2
   Compiling lazy-regex v3.6.0
   Compiling ts-rs-macros v11.1.0
   Compiling rand v0.10.2
   Compiling polyval v0.7.1
   Compiling devtools-wire-format v0.5.3
   Compiling boa_ast v0.21.1
   Compiling windows-sys v0.45.0
   Compiling num_enum_derive v0.7.6
   Compiling phf_macros v0.14.0
   Compiling arboard v3.6.1
   Compiling rust-i18n-macro v4.1.0
   Compiling tonic-web v0.10.2
   Compiling rustls-webpki v0.103.13
   Compiling aes v0.9.1
   Compiling tonic-health v0.10.2
Removed unused commands from fs: create, copy_file, mkdir, remove, rename, truncate, ftruncate, write_text_file, size, start_accessing_security_scoped_resource, stop_accessing_security_scoped_resource
   Compiling hmac v0.13.0
   Compiling sha2 v0.11.0
   Compiling regress v0.10.5
   Compiling tokio-rustls v0.26.4
   Compiling hyper-rustls v0.27.9
   Compiling rustls-platform-verifier v0.7.0
   Compiling reqwest v0.13.4
   Compiling shared_library v0.1.9
   Compiling md-5 v0.10.6
   Compiling tauri-winrt-notification v0.7.3
   Compiling pathsearch v0.2.0
   Compiling crossbeam-queue v0.3.12
   Compiling ringbuf v0.4.8
   Compiling headers-core v0.3.0
   Compiling home v0.5.12
   Compiling smartstring v1.0.1
   Compiling dynify-macros v0.1.2
   Compiling path-tree v0.8.3
   Compiling network-interface v2.0.5
   Compiling bumpalo v3.20.3
   Compiling fixedbitset v0.5.7
   Compiling xml-rs v0.8.28
   Compiling arrayvec v0.7.8
   Compiling libbz2-rs-sys v0.2.5
   Compiling dark-light v2.0.0 (https://github.com/rust-dark-light/dark-light#0f18d2fb)
   Compiling hashbrown v0.14.5
   Compiling dashmap v6.2.1
   Compiling bzip2 v0.6.1
   Compiling small_btree v0.1.0
   Compiling serde-xml-rs v0.6.0
   Compiling futures-concurrency v7.7.1
   Compiling dynify v0.1.2
   Compiling zopfli v0.8.3
   Compiling kode-bridge v0.4.0
   Compiling which v4.4.2
   Compiling headers v0.4.1
   Compiling phf v0.14.0
   Compiling devtools-core v0.3.6
   Compiling crossbeam v0.8.4
   Compiling deelevate v0.2.0
   Compiling notify-rust v4.18.0
   Compiling digest_auth v0.3.1
   Compiling reqwest v0.12.28
   Compiling boa_parser v0.21.1
   Compiling lzma-rust2 v0.16.4
   Compiling pbkdf2 v0.13.0
   Compiling sysinfo v0.39.5
Removed unused commands from clipboard-manager: read_image, write_image, write_html, clear
   Compiling auto-launch v0.5.0
   Compiling zstd v0.13.3
   Compiling intrusive-collections v0.9.7
   Compiling num_enum v0.7.6
   Compiling os_pipe v1.2.3
   Compiling ts-rs v11.1.0
   Compiling ghash v0.6.0
   Compiling iptools v0.4.1
   Compiling aligned-vec v0.6.4
   Compiling tokio-tungstenite v0.28.0
   Compiling clash-verge-logging v0.1.0 (D:\a\clash-verge-rev\clash-verge-rev\crates\clash-verge-logging)
   Compiling itertools v0.14.0
   Compiling ctr v0.10.1
   Compiling tempfile v3.27.0
   Compiling aead v0.6.1
   Compiling sha1 v0.11.0
   Compiling colored v2.2.0
   Compiling global-hotkey v0.8.0
   Compiling open v5.3.6
   Compiling local-ip-address v0.5.7
   Compiling zip v4.6.1
   Compiling windows-registry v0.5.3
   Compiling clash-verge v2.5.3 (D:\a\clash-verge-rev\clash-verge-rev\src-tauri)
   Compiling strum_macros v0.28.0
   Compiling shared_child v1.1.1
   Compiling tap v1.0.1
   Compiling xsum v0.1.6
   Compiling deflate64 v0.1.12
   Compiling arraydeque v0.5.1
   Compiling tag_ptr v0.1.0
   Compiling urlencoding v2.1.3
   Compiling minisign-verify v0.2.5
   Compiling strum v0.28.0
   Compiling typed-path v0.12.3
   Compiling scoped-tls v1.0.1
   Compiling constant_time_eq v0.4.2
   Compiling data-url v0.3.2
   Compiling ppmd-rust v1.4.0
   Compiling sys-locale v0.3.2
   Compiling clash-verge-i18n v0.1.0 (D:\a\clash-verge-rev\clash-verge-rev\crates\clash-verge-i18n)
   Compiling zip v8.6.0
   Compiling warp v0.4.3
   Compiling clash_verge_service_ipc v2.3.3 (https://github.com/clash-verge-rev/clash-verge-service-ipc#b964ed29)
   Compiling serde_yaml_ng v0.10.0
   Compiling boa_engine v0.21.1
   Compiling clash_verge_logger v0.2.2 (https://github.com/clash-verge-rev/clash-verge-logger#e4768e38)
Removed unused commands from deep-link: register, unregister, is_registered
   Compiling aes-gcm v0.11.0
   Compiling clash-verge-signal v0.1.0 (D:\a\clash-verge-rev\clash-verge-rev\crates\clash-verge-signal)
   Compiling sysproxy v0.5.4 (https://github.com/clash-verge-rev/sysproxy-rs#d214eba9)
   Compiling tauri-plugin-clash-verge-sysinfo v0.1.0 (D:\a\clash-verge-rev\clash-verge-rev\crates\tauri-plugin-clash-verge-sysinfo)
   Compiling reqwest_dav v0.3.3
   Compiling rust_iso3166 v0.2.0
   Compiling runas v1.2.0
Removed unused commands from window-state: save_window_state, restore_state, filename
   Compiling backon v1.6.0
   Compiling nanoid v0.5.0
   Compiling clash-verge-draft v0.1.0 (D:\a\clash-verge-rev\clash-verge-rev\crates\clash-verge-draft)
   Compiling winreg v0.56.0
   Compiling gethostname v1.1.0
   Compiling clash-verge-limiter v0.1.0 (D:\a\clash-verge-rev\clash-verge-rev\crates\clash-verge-limiter)
    Finished `release` profile [optimized + debuginfo] target(s) in 27m 31s
       Built application at: D:\a\clash-verge-rev\clash-verge-rev\target\x86_64-pc-windows-msvc\release\clash-verge.exe
        Info Patching D:\a\clash-verge-rev\clash-verge-rev\target\x86_64-pc-windows-msvc\release\clash-verge.exe with bundle type information: nsis
        Info Verifying NSIS package
 Downloading https://github.com/tauri-apps/binary-releases/releases/download/nsis-3.11/nsis-3.11.zip
        Info validating hash
        Info extracting NSIS
 Downloading https://github.com/tauri-apps/nsis-tauri-utils/releases/download/nsis_tauri_utils-v0.5.3/nsis_tauri_utils.dll
        Info validating hash
        Info Target: x64
 Downloading https://go.microsoft.com/fwlink/p/?LinkId=2124703
     Running makensis to produce D:\a\clash-verge-rev\clash-verge-rev\target\x86_64-pc-windows-msvc\release\bundle\nsis\Clash Verge_2.5.3_x64-setup.exe
    Finished 1 bundle at:
        D:\a\clash-verge-rev\clash-verge-rev\target\x86_64-pc-windows-msvc\release\bundle\nsis\Clash Verge_2.5.3_x64-setup.exe

